td_corpus_digits/td_corpus_digits/SNR25dB/man/seq3digits_100_files/SNR25dB_man_seq3digits_100.ref five five oh
td_corpus_digits/td_corpus_digits/SNR25dB/man/seq3digits_100_files/SNR25dB_man_seq3digits_100.ref seven four two
td_corpus_digits/td_corpus_digits/SNR25dB/man/seq3digits_100_files/SNR25dB_man_seq3digits_100.ref three seven eight
td_corpus_digits/td_corpus_digits/SNR25dB/man/seq3digits_100_files/SNR25dB_man_seq3digits_100.ref five five one
td_corpus_digits/td_corpus_digits/SNR25dB/man/seq3digits_100_files/SNR25dB_man_seq3digits_100.ref five six three
td_corpus_digits/td_corpus_digits/SNR25dB/man/seq3digits_100_files/SNR25dB_man_seq3digits_100.ref six seven oh
td_corpus_digits/td_corpus_digits/SNR25dB/man/seq3digits_100_files/SNR25dB_man_seq3digits_100.ref oh one eight
td_corpus_digits/td_corpus_digits/SNR25dB/man/seq3digits_100_files/SNR25dB_man_seq3digits_100.ref two oh oh
td_corpus_digits/td_corpus_digits/SNR25dB/man/seq3digits_100_files/SNR25dB_man_seq3digits_100.ref zero one zero
td_corpus_digits/td_corpus_digits/SNR25dB/man/seq3digits_100_files/SNR25dB_man_seq3digits_100.ref one oh oh
td_corpus_digits/td_corpus_digits/SNR25dB/man/seq3digits_100_files/SNR25dB_man_seq3digits_100.ref eight one seven
td_corpus_digits/td_corpus_digits/SNR25dB/man/seq3digits_100_files/SNR25dB_man_seq3digits_100.ref five two one
td_corpus_digits/td_corpus_digits/SNR25dB/man/seq3digits_100_files/SNR25dB_man_seq3digits_100.ref zero one one
td_corpus_digits/td_corpus_digits/SNR25dB/man/seq3digits_100_files/SNR25dB_man_seq3digits_100.ref four oh six
td_corpus_digits/td_corpus_digits/SNR25dB/man/seq3digits_100_files/SNR25dB_man_seq3digits_100.ref seven six nine
td_corpus_digits/td_corpus_digits/SNR25dB/man/seq3digits_100_files/SNR25dB_man_seq3digits_100.ref oh three six
td_corpus_digits/td_corpus_digits/SNR25dB/man/seq3digits_100_files/SNR25dB_man_seq3digits_100.ref oh one four
td_corpus_digits/td_corpus_digits/SNR25dB/man/seq3digits_100_files/SNR25dB_man_seq3digits_100.ref five five four
td_corpus_digits/td_corpus_digits/SNR25dB/man/seq3digits_100_files/SNR25dB_man_seq3digits_100.ref seven nine five
td_corpus_digits/td_corpus_digits/SNR25dB/man/seq3digits_100_files/SNR25dB_man_seq3digits_100.ref one oh nine
td_corpus_digits/td_corpus_digits/SNR25dB/man/seq3digits_100_files/SNR25dB_man_seq3digits_100.ref oh three six
td_corpus_digits/td_corpus_digits/SNR25dB/man/seq3digits_100_files/SNR25dB_man_seq3digits_100.ref oh six three
td_corpus_digits/td_corpus_digits/SNR25dB/man/seq3digits_100_files/SNR25dB_man_seq3digits_100.ref two zero seven
td_corpus_digits/td_corpus_digits/SNR25dB/man/seq3digits_100_files/SNR25dB_man_seq3digits_100.ref eight two one
td_corpus_digits/td_corpus_digits/SNR25dB/man/seq3digits_100_files/SNR25dB_man_seq3digits_100.ref four six oh
td_corpus_digits/td_corpus_digits/SNR25dB/man/seq3digits_100_files/SNR25dB_man_seq3digits_100.ref one six three
td_corpus_digits/td_corpus_digits/SNR25dB/man/seq3digits_100_files/SNR25dB_man_seq3digits_100.ref nine zero eight
td_corpus_digits/td_corpus_digits/SNR25dB/man/seq3digits_100_files/SNR25dB_man_seq3digits_100.ref four one seven
td_corpus_digits/td_corpus_digits/SNR25dB/man/seq3digits_100_files/SNR25dB_man_seq3digits_100.ref seven eight six
td_corpus_digits/td_corpus_digits/SNR25dB/man/seq3digits_100_files/SNR25dB_man_seq3digits_100.ref eight oh two
td_corpus_digits/td_corpus_digits/SNR25dB/man/seq3digits_100_files/SNR25dB_man_seq3digits_100.ref eight two nine
td_corpus_digits/td_corpus_digits/SNR25dB/man/seq3digits_100_files/SNR25dB_man_seq3digits_100.ref five seven three
td_corpus_digits/td_corpus_digits/SNR25dB/man/seq3digits_100_files/SNR25dB_man_seq3digits_100.ref four oh oh
td_corpus_digits/td_corpus_digits/SNR25dB/man/seq3digits_100_files/SNR25dB_man_seq3digits_100.ref eight nine oh
td_corpus_digits/td_corpus_digits/SNR25dB/man/seq3digits_100_files/SNR25dB_man_seq3digits_100.ref three five three
td_corpus_digits/td_corpus_digits/SNR25dB/man/seq3digits_100_files/SNR25dB_man_seq3digits_100.ref three six five
td_corpus_digits/td_corpus_digits/SNR25dB/man/seq3digits_100_files/SNR25dB_man_seq3digits_100.ref oh nine one
td_corpus_digits/td_corpus_digits/SNR25dB/man/seq3digits_100_files/SNR25dB_man_seq3digits_100.ref five four zero
td_corpus_digits/td_corpus_digits/SNR25dB/man/seq3digits_100_files/SNR25dB_man_seq3digits_100.ref four zero three
td_corpus_digits/td_corpus_digits/SNR25dB/man/seq3digits_100_files/SNR25dB_man_seq3digits_100.ref eight zero two
td_corpus_digits/td_corpus_digits/SNR25dB/man/seq3digits_100_files/SNR25dB_man_seq3digits_100.ref two three three
td_corpus_digits/td_corpus_digits/SNR25dB/man/seq3digits_100_files/SNR25dB_man_seq3digits_100.ref five two nine
td_corpus_digits/td_corpus_digits/SNR25dB/man/seq3digits_100_files/SNR25dB_man_seq3digits_100.ref one four six
td_corpus_digits/td_corpus_digits/SNR25dB/man/seq3digits_100_files/SNR25dB_man_seq3digits_100.ref six oh five
td_corpus_digits/td_corpus_digits/SNR25dB/man/seq3digits_100_files/SNR25dB_man_seq3digits_100.ref four nine nine
td_corpus_digits/td_corpus_digits/SNR25dB/man/seq3digits_100_files/SNR25dB_man_seq3digits_100.ref five nine three
td_corpus_digits/td_corpus_digits/SNR25dB/man/seq3digits_100_files/SNR25dB_man_seq3digits_100.ref zero five six
td_corpus_digits/td_corpus_digits/SNR25dB/man/seq3digits_100_files/SNR25dB_man_seq3digits_100.ref two three five
td_corpus_digits/td_corpus_digits/SNR25dB/man/seq3digits_100_files/SNR25dB_man_seq3digits_100.ref seven seven five
td_corpus_digits/td_corpus_digits/SNR25dB/man/seq3digits_100_files/SNR25dB_man_seq3digits_100.ref five five one
td_corpus_digits/td_corpus_digits/SNR25dB/man/seq3digits_100_files/SNR25dB_man_seq3digits_100.ref one zero six
td_corpus_digits/td_corpus_digits/SNR25dB/man/seq3digits_100_files/SNR25dB_man_seq3digits_100.ref nine two eight
td_corpus_digits/td_corpus_digits/SNR25dB/man/seq3digits_100_files/SNR25dB_man_seq3digits_100.ref oh seven eight
td_corpus_digits/td_corpus_digits/SNR25dB/man/seq3digits_100_files/SNR25dB_man_seq3digits_100.ref seven two three
td_corpus_digits/td_corpus_digits/SNR25dB/man/seq3digits_100_files/SNR25dB_man_seq3digits_100.ref oh eight oh
td_corpus_digits/td_corpus_digits/SNR25dB/man/seq3digits_100_files/SNR25dB_man_seq3digits_100.ref seven five five
td_corpus_digits/td_corpus_digits/SNR25dB/man/seq3digits_100_files/SNR25dB_man_seq3digits_100.ref seven five one
td_corpus_digits/td_corpus_digits/SNR25dB/man/seq3digits_100_files/SNR25dB_man_seq3digits_100.ref eight oh nine
td_corpus_digits/td_corpus_digits/SNR25dB/man/seq3digits_100_files/SNR25dB_man_seq3digits_100.ref zero six four
td_corpus_digits/td_corpus_digits/SNR25dB/man/seq3digits_100_files/SNR25dB_man_seq3digits_100.ref five three four
td_corpus_digits/td_corpus_digits/SNR25dB/man/seq3digits_100_files/SNR25dB_man_seq3digits_100.ref oh two oh
td_corpus_digits/td_corpus_digits/SNR25dB/man/seq3digits_100_files/SNR25dB_man_seq3digits_100.ref oh one three
td_corpus_digits/td_corpus_digits/SNR25dB/man/seq3digits_100_files/SNR25dB_man_seq3digits_100.ref six four three
td_corpus_digits/td_corpus_digits/SNR25dB/man/seq3digits_100_files/SNR25dB_man_seq3digits_100.ref oh five four
td_corpus_digits/td_corpus_digits/SNR25dB/man/seq3digits_100_files/SNR25dB_man_seq3digits_100.ref two eight three
td_corpus_digits/td_corpus_digits/SNR25dB/man/seq3digits_100_files/SNR25dB_man_seq3digits_100.ref zero two six
td_corpus_digits/td_corpus_digits/SNR25dB/man/seq3digits_100_files/SNR25dB_man_seq3digits_100.ref seven seven zero
td_corpus_digits/td_corpus_digits/SNR25dB/man/seq3digits_100_files/SNR25dB_man_seq3digits_100.ref oh one oh
td_corpus_digits/td_corpus_digits/SNR25dB/man/seq3digits_100_files/SNR25dB_man_seq3digits_100.ref three nine seven
td_corpus_digits/td_corpus_digits/SNR25dB/man/seq3digits_100_files/SNR25dB_man_seq3digits_100.ref two eight five
td_corpus_digits/td_corpus_digits/SNR25dB/man/seq3digits_100_files/SNR25dB_man_seq3digits_100.ref two one two
td_corpus_digits/td_corpus_digits/SNR25dB/man/seq3digits_100_files/SNR25dB_man_seq3digits_100.ref zero two two
td_corpus_digits/td_corpus_digits/SNR25dB/man/seq3digits_100_files/SNR25dB_man_seq3digits_100.ref four four oh
td_corpus_digits/td_corpus_digits/SNR25dB/man/seq3digits_100_files/SNR25dB_man_seq3digits_100.ref three two oh
td_corpus_digits/td_corpus_digits/SNR25dB/man/seq3digits_100_files/SNR25dB_man_seq3digits_100.ref six eight four
td_corpus_digits/td_corpus_digits/SNR25dB/man/seq3digits_100_files/SNR25dB_man_seq3digits_100.ref six seven six
td_corpus_digits/td_corpus_digits/SNR25dB/man/seq3digits_100_files/SNR25dB_man_seq3digits_100.ref four seven six
td_corpus_digits/td_corpus_digits/SNR25dB/man/seq3digits_100_files/SNR25dB_man_seq3digits_100.ref one oh four
td_corpus_digits/td_corpus_digits/SNR25dB/man/seq3digits_100_files/SNR25dB_man_seq3digits_100.ref seven oh eight
td_corpus_digits/td_corpus_digits/SNR25dB/man/seq3digits_100_files/SNR25dB_man_seq3digits_100.ref four two two
td_corpus_digits/td_corpus_digits/SNR25dB/man/seq3digits_100_files/SNR25dB_man_seq3digits_100.ref two two four
td_corpus_digits/td_corpus_digits/SNR25dB/man/seq3digits_100_files/SNR25dB_man_seq3digits_100.ref five nine nine
td_corpus_digits/td_corpus_digits/SNR25dB/man/seq3digits_100_files/SNR25dB_man_seq3digits_100.ref three zero nine
td_corpus_digits/td_corpus_digits/SNR25dB/man/seq3digits_100_files/SNR25dB_man_seq3digits_100.ref oh oh five
td_corpus_digits/td_corpus_digits/SNR25dB/man/seq3digits_100_files/SNR25dB_man_seq3digits_100.ref six nine nine
td_corpus_digits/td_corpus_digits/SNR25dB/man/seq3digits_100_files/SNR25dB_man_seq3digits_100.ref eight four oh
td_corpus_digits/td_corpus_digits/SNR25dB/man/seq3digits_100_files/SNR25dB_man_seq3digits_100.ref one eight seven
td_corpus_digits/td_corpus_digits/SNR25dB/man/seq3digits_100_files/SNR25dB_man_seq3digits_100.ref nine zero zero
td_corpus_digits/td_corpus_digits/SNR25dB/man/seq3digits_100_files/SNR25dB_man_seq3digits_100.ref eight zero six
td_corpus_digits/td_corpus_digits/SNR25dB/man/seq3digits_100_files/SNR25dB_man_seq3digits_100.ref four nine three
td_corpus_digits/td_corpus_digits/SNR25dB/man/seq3digits_100_files/SNR25dB_man_seq3digits_100.ref four oh five
td_corpus_digits/td_corpus_digits/SNR25dB/man/seq3digits_100_files/SNR25dB_man_seq3digits_100.ref three nine three
td_corpus_digits/td_corpus_digits/SNR25dB/man/seq3digits_100_files/SNR25dB_man_seq3digits_100.ref one four seven
td_corpus_digits/td_corpus_digits/SNR25dB/man/seq3digits_100_files/SNR25dB_man_seq3digits_100.ref seven seven five
td_corpus_digits/td_corpus_digits/SNR25dB/man/seq3digits_100_files/SNR25dB_man_seq3digits_100.ref eight eight oh
td_corpus_digits/td_corpus_digits/SNR25dB/man/seq3digits_100_files/SNR25dB_man_seq3digits_100.ref five zero nine
td_corpus_digits/td_corpus_digits/SNR25dB/man/seq3digits_100_files/SNR25dB_man_seq3digits_100.ref seven eight six
td_corpus_digits/td_corpus_digits/SNR25dB/man/seq3digits_100_files/SNR25dB_man_seq3digits_100.ref seven four one
td_corpus_digits/td_corpus_digits/SNR25dB/man/seq3digits_100_files/SNR25dB_man_seq3digits_100.ref two seven six
td_corpus_digits/td_corpus_digits/SNR25dB/man/seq3digits_100_files/SNR25dB_man_seq3digits_100.ref nine two eight
