td_corpus_digits/td_corpus_digits/SNR35dB/man/seq1digit_200_files/SNR35dB_man_seq1digit_200.ref three
td_corpus_digits/td_corpus_digits/SNR35dB/man/seq1digit_200_files/SNR35dB_man_seq1digit_200.ref one
td_corpus_digits/td_corpus_digits/SNR35dB/man/seq1digit_200_files/SNR35dB_man_seq1digit_200.ref eight
td_corpus_digits/td_corpus_digits/SNR35dB/man/seq1digit_200_files/SNR35dB_man_seq1digit_200.ref oh
td_corpus_digits/td_corpus_digits/SNR35dB/man/seq1digit_200_files/SNR35dB_man_seq1digit_200.ref zero
td_corpus_digits/td_corpus_digits/SNR35dB/man/seq1digit_200_files/SNR35dB_man_seq1digit_200.ref nine
td_corpus_digits/td_corpus_digits/SNR35dB/man/seq1digit_200_files/SNR35dB_man_seq1digit_200.ref one
td_corpus_digits/td_corpus_digits/SNR35dB/man/seq1digit_200_files/SNR35dB_man_seq1digit_200.ref one
td_corpus_digits/td_corpus_digits/SNR35dB/man/seq1digit_200_files/SNR35dB_man_seq1digit_200.ref one
td_corpus_digits/td_corpus_digits/SNR35dB/man/seq1digit_200_files/SNR35dB_man_seq1digit_200.ref eight
td_corpus_digits/td_corpus_digits/SNR35dB/man/seq1digit_200_files/SNR35dB_man_seq1digit_200.ref five
td_corpus_digits/td_corpus_digits/SNR35dB/man/seq1digit_200_files/SNR35dB_man_seq1digit_200.ref two
td_corpus_digits/td_corpus_digits/SNR35dB/man/seq1digit_200_files/SNR35dB_man_seq1digit_200.ref six
td_corpus_digits/td_corpus_digits/SNR35dB/man/seq1digit_200_files/SNR35dB_man_seq1digit_200.ref two
td_corpus_digits/td_corpus_digits/SNR35dB/man/seq1digit_200_files/SNR35dB_man_seq1digit_200.ref eight
td_corpus_digits/td_corpus_digits/SNR35dB/man/seq1digit_200_files/SNR35dB_man_seq1digit_200.ref four
td_corpus_digits/td_corpus_digits/SNR35dB/man/seq1digit_200_files/SNR35dB_man_seq1digit_200.ref oh
td_corpus_digits/td_corpus_digits/SNR35dB/man/seq1digit_200_files/SNR35dB_man_seq1digit_200.ref six
td_corpus_digits/td_corpus_digits/SNR35dB/man/seq1digit_200_files/SNR35dB_man_seq1digit_200.ref three
td_corpus_digits/td_corpus_digits/SNR35dB/man/seq1digit_200_files/SNR35dB_man_seq1digit_200.ref five
td_corpus_digits/td_corpus_digits/SNR35dB/man/seq1digit_200_files/SNR35dB_man_seq1digit_200.ref six
td_corpus_digits/td_corpus_digits/SNR35dB/man/seq1digit_200_files/SNR35dB_man_seq1digit_200.ref six
td_corpus_digits/td_corpus_digits/SNR35dB/man/seq1digit_200_files/SNR35dB_man_seq1digit_200.ref zero
td_corpus_digits/td_corpus_digits/SNR35dB/man/seq1digit_200_files/SNR35dB_man_seq1digit_200.ref nine
td_corpus_digits/td_corpus_digits/SNR35dB/man/seq1digit_200_files/SNR35dB_man_seq1digit_200.ref one
td_corpus_digits/td_corpus_digits/SNR35dB/man/seq1digit_200_files/SNR35dB_man_seq1digit_200.ref eight
td_corpus_digits/td_corpus_digits/SNR35dB/man/seq1digit_200_files/SNR35dB_man_seq1digit_200.ref nine
td_corpus_digits/td_corpus_digits/SNR35dB/man/seq1digit_200_files/SNR35dB_man_seq1digit_200.ref six
td_corpus_digits/td_corpus_digits/SNR35dB/man/seq1digit_200_files/SNR35dB_man_seq1digit_200.ref five
td_corpus_digits/td_corpus_digits/SNR35dB/man/seq1digit_200_files/SNR35dB_man_seq1digit_200.ref nine
td_corpus_digits/td_corpus_digits/SNR35dB/man/seq1digit_200_files/SNR35dB_man_seq1digit_200.ref four
td_corpus_digits/td_corpus_digits/SNR35dB/man/seq1digit_200_files/SNR35dB_man_seq1digit_200.ref seven
td_corpus_digits/td_corpus_digits/SNR35dB/man/seq1digit_200_files/SNR35dB_man_seq1digit_200.ref two
td_corpus_digits/td_corpus_digits/SNR35dB/man/seq1digit_200_files/SNR35dB_man_seq1digit_200.ref four
td_corpus_digits/td_corpus_digits/SNR35dB/man/seq1digit_200_files/SNR35dB_man_seq1digit_200.ref seven
td_corpus_digits/td_corpus_digits/SNR35dB/man/seq1digit_200_files/SNR35dB_man_seq1digit_200.ref six
td_corpus_digits/td_corpus_digits/SNR35dB/man/seq1digit_200_files/SNR35dB_man_seq1digit_200.ref eight
td_corpus_digits/td_corpus_digits/SNR35dB/man/seq1digit_200_files/SNR35dB_man_seq1digit_200.ref three
td_corpus_digits/td_corpus_digits/SNR35dB/man/seq1digit_200_files/SNR35dB_man_seq1digit_200.ref two
td_corpus_digits/td_corpus_digits/SNR35dB/man/seq1digit_200_files/SNR35dB_man_seq1digit_200.ref oh
td_corpus_digits/td_corpus_digits/SNR35dB/man/seq1digit_200_files/SNR35dB_man_seq1digit_200.ref oh
td_corpus_digits/td_corpus_digits/SNR35dB/man/seq1digit_200_files/SNR35dB_man_seq1digit_200.ref nine
td_corpus_digits/td_corpus_digits/SNR35dB/man/seq1digit_200_files/SNR35dB_man_seq1digit_200.ref six
td_corpus_digits/td_corpus_digits/SNR35dB/man/seq1digit_200_files/SNR35dB_man_seq1digit_200.ref oh
td_corpus_digits/td_corpus_digits/SNR35dB/man/seq1digit_200_files/SNR35dB_man_seq1digit_200.ref two
td_corpus_digits/td_corpus_digits/SNR35dB/man/seq1digit_200_files/SNR35dB_man_seq1digit_200.ref one
td_corpus_digits/td_corpus_digits/SNR35dB/man/seq1digit_200_files/SNR35dB_man_seq1digit_200.ref five
td_corpus_digits/td_corpus_digits/SNR35dB/man/seq1digit_200_files/SNR35dB_man_seq1digit_200.ref three
td_corpus_digits/td_corpus_digits/SNR35dB/man/seq1digit_200_files/SNR35dB_man_seq1digit_200.ref seven
td_corpus_digits/td_corpus_digits/SNR35dB/man/seq1digit_200_files/SNR35dB_man_seq1digit_200.ref four
td_corpus_digits/td_corpus_digits/SNR35dB/man/seq1digit_200_files/SNR35dB_man_seq1digit_200.ref seven
td_corpus_digits/td_corpus_digits/SNR35dB/man/seq1digit_200_files/SNR35dB_man_seq1digit_200.ref four
td_corpus_digits/td_corpus_digits/SNR35dB/man/seq1digit_200_files/SNR35dB_man_seq1digit_200.ref seven
td_corpus_digits/td_corpus_digits/SNR35dB/man/seq1digit_200_files/SNR35dB_man_seq1digit_200.ref five
td_corpus_digits/td_corpus_digits/SNR35dB/man/seq1digit_200_files/SNR35dB_man_seq1digit_200.ref two
td_corpus_digits/td_corpus_digits/SNR35dB/man/seq1digit_200_files/SNR35dB_man_seq1digit_200.ref two
td_corpus_digits/td_corpus_digits/SNR35dB/man/seq1digit_200_files/SNR35dB_man_seq1digit_200.ref six
td_corpus_digits/td_corpus_digits/SNR35dB/man/seq1digit_200_files/SNR35dB_man_seq1digit_200.ref oh
td_corpus_digits/td_corpus_digits/SNR35dB/man/seq1digit_200_files/SNR35dB_man_seq1digit_200.ref seven
td_corpus_digits/td_corpus_digits/SNR35dB/man/seq1digit_200_files/SNR35dB_man_seq1digit_200.ref three
td_corpus_digits/td_corpus_digits/SNR35dB/man/seq1digit_200_files/SNR35dB_man_seq1digit_200.ref six
td_corpus_digits/td_corpus_digits/SNR35dB/man/seq1digit_200_files/SNR35dB_man_seq1digit_200.ref one
td_corpus_digits/td_corpus_digits/SNR35dB/man/seq1digit_200_files/SNR35dB_man_seq1digit_200.ref five
td_corpus_digits/td_corpus_digits/SNR35dB/man/seq1digit_200_files/SNR35dB_man_seq1digit_200.ref two
td_corpus_digits/td_corpus_digits/SNR35dB/man/seq1digit_200_files/SNR35dB_man_seq1digit_200.ref seven
td_corpus_digits/td_corpus_digits/SNR35dB/man/seq1digit_200_files/SNR35dB_man_seq1digit_200.ref oh
td_corpus_digits/td_corpus_digits/SNR35dB/man/seq1digit_200_files/SNR35dB_man_seq1digit_200.ref oh
td_corpus_digits/td_corpus_digits/SNR35dB/man/seq1digit_200_files/SNR35dB_man_seq1digit_200.ref five
td_corpus_digits/td_corpus_digits/SNR35dB/man/seq1digit_200_files/SNR35dB_man_seq1digit_200.ref two
td_corpus_digits/td_corpus_digits/SNR35dB/man/seq1digit_200_files/SNR35dB_man_seq1digit_200.ref eight
td_corpus_digits/td_corpus_digits/SNR35dB/man/seq1digit_200_files/SNR35dB_man_seq1digit_200.ref two
td_corpus_digits/td_corpus_digits/SNR35dB/man/seq1digit_200_files/SNR35dB_man_seq1digit_200.ref oh
td_corpus_digits/td_corpus_digits/SNR35dB/man/seq1digit_200_files/SNR35dB_man_seq1digit_200.ref oh
td_corpus_digits/td_corpus_digits/SNR35dB/man/seq1digit_200_files/SNR35dB_man_seq1digit_200.ref two
td_corpus_digits/td_corpus_digits/SNR35dB/man/seq1digit_200_files/SNR35dB_man_seq1digit_200.ref seven
td_corpus_digits/td_corpus_digits/SNR35dB/man/seq1digit_200_files/SNR35dB_man_seq1digit_200.ref two
td_corpus_digits/td_corpus_digits/SNR35dB/man/seq1digit_200_files/SNR35dB_man_seq1digit_200.ref three
td_corpus_digits/td_corpus_digits/SNR35dB/man/seq1digit_200_files/SNR35dB_man_seq1digit_200.ref one
td_corpus_digits/td_corpus_digits/SNR35dB/man/seq1digit_200_files/SNR35dB_man_seq1digit_200.ref three
td_corpus_digits/td_corpus_digits/SNR35dB/man/seq1digit_200_files/SNR35dB_man_seq1digit_200.ref five
td_corpus_digits/td_corpus_digits/SNR35dB/man/seq1digit_200_files/SNR35dB_man_seq1digit_200.ref three
td_corpus_digits/td_corpus_digits/SNR35dB/man/seq1digit_200_files/SNR35dB_man_seq1digit_200.ref four
td_corpus_digits/td_corpus_digits/SNR35dB/man/seq1digit_200_files/SNR35dB_man_seq1digit_200.ref seven
td_corpus_digits/td_corpus_digits/SNR35dB/man/seq1digit_200_files/SNR35dB_man_seq1digit_200.ref two
td_corpus_digits/td_corpus_digits/SNR35dB/man/seq1digit_200_files/SNR35dB_man_seq1digit_200.ref zero
td_corpus_digits/td_corpus_digits/SNR35dB/man/seq1digit_200_files/SNR35dB_man_seq1digit_200.ref oh
td_corpus_digits/td_corpus_digits/SNR35dB/man/seq1digit_200_files/SNR35dB_man_seq1digit_200.ref seven
td_corpus_digits/td_corpus_digits/SNR35dB/man/seq1digit_200_files/SNR35dB_man_seq1digit_200.ref oh
td_corpus_digits/td_corpus_digits/SNR35dB/man/seq1digit_200_files/SNR35dB_man_seq1digit_200.ref four
td_corpus_digits/td_corpus_digits/SNR35dB/man/seq1digit_200_files/SNR35dB_man_seq1digit_200.ref five
td_corpus_digits/td_corpus_digits/SNR35dB/man/seq1digit_200_files/SNR35dB_man_seq1digit_200.ref six
td_corpus_digits/td_corpus_digits/SNR35dB/man/seq1digit_200_files/SNR35dB_man_seq1digit_200.ref zero
td_corpus_digits/td_corpus_digits/SNR35dB/man/seq1digit_200_files/SNR35dB_man_seq1digit_200.ref five
td_corpus_digits/td_corpus_digits/SNR35dB/man/seq1digit_200_files/SNR35dB_man_seq1digit_200.ref zero
td_corpus_digits/td_corpus_digits/SNR35dB/man/seq1digit_200_files/SNR35dB_man_seq1digit_200.ref three
td_corpus_digits/td_corpus_digits/SNR35dB/man/seq1digit_200_files/SNR35dB_man_seq1digit_200.ref zero
td_corpus_digits/td_corpus_digits/SNR35dB/man/seq1digit_200_files/SNR35dB_man_seq1digit_200.ref oh
td_corpus_digits/td_corpus_digits/SNR35dB/man/seq1digit_200_files/SNR35dB_man_seq1digit_200.ref eight
td_corpus_digits/td_corpus_digits/SNR35dB/man/seq1digit_200_files/SNR35dB_man_seq1digit_200.ref three
td_corpus_digits/td_corpus_digits/SNR35dB/man/seq1digit_200_files/SNR35dB_man_seq1digit_200.ref oh
td_corpus_digits/td_corpus_digits/SNR35dB/man/seq1digit_200_files/SNR35dB_man_seq1digit_200.ref zero
td_corpus_digits/td_corpus_digits/SNR35dB/man/seq1digit_200_files/SNR35dB_man_seq1digit_200.ref one
td_corpus_digits/td_corpus_digits/SNR35dB/man/seq1digit_200_files/SNR35dB_man_seq1digit_200.ref two
td_corpus_digits/td_corpus_digits/SNR35dB/man/seq1digit_200_files/SNR35dB_man_seq1digit_200.ref two
td_corpus_digits/td_corpus_digits/SNR35dB/man/seq1digit_200_files/SNR35dB_man_seq1digit_200.ref two
td_corpus_digits/td_corpus_digits/SNR35dB/man/seq1digit_200_files/SNR35dB_man_seq1digit_200.ref one
td_corpus_digits/td_corpus_digits/SNR35dB/man/seq1digit_200_files/SNR35dB_man_seq1digit_200.ref five
td_corpus_digits/td_corpus_digits/SNR35dB/man/seq1digit_200_files/SNR35dB_man_seq1digit_200.ref four
td_corpus_digits/td_corpus_digits/SNR35dB/man/seq1digit_200_files/SNR35dB_man_seq1digit_200.ref three
td_corpus_digits/td_corpus_digits/SNR35dB/man/seq1digit_200_files/SNR35dB_man_seq1digit_200.ref one
td_corpus_digits/td_corpus_digits/SNR35dB/man/seq1digit_200_files/SNR35dB_man_seq1digit_200.ref five
td_corpus_digits/td_corpus_digits/SNR35dB/man/seq1digit_200_files/SNR35dB_man_seq1digit_200.ref zero
td_corpus_digits/td_corpus_digits/SNR35dB/man/seq1digit_200_files/SNR35dB_man_seq1digit_200.ref two
td_corpus_digits/td_corpus_digits/SNR35dB/man/seq1digit_200_files/SNR35dB_man_seq1digit_200.ref nine
td_corpus_digits/td_corpus_digits/SNR35dB/man/seq1digit_200_files/SNR35dB_man_seq1digit_200.ref six
td_corpus_digits/td_corpus_digits/SNR35dB/man/seq1digit_200_files/SNR35dB_man_seq1digit_200.ref five
td_corpus_digits/td_corpus_digits/SNR35dB/man/seq1digit_200_files/SNR35dB_man_seq1digit_200.ref three
td_corpus_digits/td_corpus_digits/SNR35dB/man/seq1digit_200_files/SNR35dB_man_seq1digit_200.ref eight
td_corpus_digits/td_corpus_digits/SNR35dB/man/seq1digit_200_files/SNR35dB_man_seq1digit_200.ref four
td_corpus_digits/td_corpus_digits/SNR35dB/man/seq1digit_200_files/SNR35dB_man_seq1digit_200.ref five
td_corpus_digits/td_corpus_digits/SNR35dB/man/seq1digit_200_files/SNR35dB_man_seq1digit_200.ref four
td_corpus_digits/td_corpus_digits/SNR35dB/man/seq1digit_200_files/SNR35dB_man_seq1digit_200.ref oh
td_corpus_digits/td_corpus_digits/SNR35dB/man/seq1digit_200_files/SNR35dB_man_seq1digit_200.ref three
td_corpus_digits/td_corpus_digits/SNR35dB/man/seq1digit_200_files/SNR35dB_man_seq1digit_200.ref four
td_corpus_digits/td_corpus_digits/SNR35dB/man/seq1digit_200_files/SNR35dB_man_seq1digit_200.ref eight
td_corpus_digits/td_corpus_digits/SNR35dB/man/seq1digit_200_files/SNR35dB_man_seq1digit_200.ref five
td_corpus_digits/td_corpus_digits/SNR35dB/man/seq1digit_200_files/SNR35dB_man_seq1digit_200.ref zero
td_corpus_digits/td_corpus_digits/SNR35dB/man/seq1digit_200_files/SNR35dB_man_seq1digit_200.ref nine
td_corpus_digits/td_corpus_digits/SNR35dB/man/seq1digit_200_files/SNR35dB_man_seq1digit_200.ref oh
td_corpus_digits/td_corpus_digits/SNR35dB/man/seq1digit_200_files/SNR35dB_man_seq1digit_200.ref six
td_corpus_digits/td_corpus_digits/SNR35dB/man/seq1digit_200_files/SNR35dB_man_seq1digit_200.ref eight
td_corpus_digits/td_corpus_digits/SNR35dB/man/seq1digit_200_files/SNR35dB_man_seq1digit_200.ref six
td_corpus_digits/td_corpus_digits/SNR35dB/man/seq1digit_200_files/SNR35dB_man_seq1digit_200.ref one
td_corpus_digits/td_corpus_digits/SNR35dB/man/seq1digit_200_files/SNR35dB_man_seq1digit_200.ref four
td_corpus_digits/td_corpus_digits/SNR35dB/man/seq1digit_200_files/SNR35dB_man_seq1digit_200.ref zero
td_corpus_digits/td_corpus_digits/SNR35dB/man/seq1digit_200_files/SNR35dB_man_seq1digit_200.ref nine
td_corpus_digits/td_corpus_digits/SNR35dB/man/seq1digit_200_files/SNR35dB_man_seq1digit_200.ref nine
td_corpus_digits/td_corpus_digits/SNR35dB/man/seq1digit_200_files/SNR35dB_man_seq1digit_200.ref eight
td_corpus_digits/td_corpus_digits/SNR35dB/man/seq1digit_200_files/SNR35dB_man_seq1digit_200.ref oh
td_corpus_digits/td_corpus_digits/SNR35dB/man/seq1digit_200_files/SNR35dB_man_seq1digit_200.ref five
td_corpus_digits/td_corpus_digits/SNR35dB/man/seq1digit_200_files/SNR35dB_man_seq1digit_200.ref one
td_corpus_digits/td_corpus_digits/SNR35dB/man/seq1digit_200_files/SNR35dB_man_seq1digit_200.ref one
td_corpus_digits/td_corpus_digits/SNR35dB/man/seq1digit_200_files/SNR35dB_man_seq1digit_200.ref oh
td_corpus_digits/td_corpus_digits/SNR35dB/man/seq1digit_200_files/SNR35dB_man_seq1digit_200.ref two
td_corpus_digits/td_corpus_digits/SNR35dB/man/seq1digit_200_files/SNR35dB_man_seq1digit_200.ref one
td_corpus_digits/td_corpus_digits/SNR35dB/man/seq1digit_200_files/SNR35dB_man_seq1digit_200.ref eight
td_corpus_digits/td_corpus_digits/SNR35dB/man/seq1digit_200_files/SNR35dB_man_seq1digit_200.ref six
td_corpus_digits/td_corpus_digits/SNR35dB/man/seq1digit_200_files/SNR35dB_man_seq1digit_200.ref two
td_corpus_digits/td_corpus_digits/SNR35dB/man/seq1digit_200_files/SNR35dB_man_seq1digit_200.ref six
td_corpus_digits/td_corpus_digits/SNR35dB/man/seq1digit_200_files/SNR35dB_man_seq1digit_200.ref zero
td_corpus_digits/td_corpus_digits/SNR35dB/man/seq1digit_200_files/SNR35dB_man_seq1digit_200.ref six
td_corpus_digits/td_corpus_digits/SNR35dB/man/seq1digit_200_files/SNR35dB_man_seq1digit_200.ref seven
td_corpus_digits/td_corpus_digits/SNR35dB/man/seq1digit_200_files/SNR35dB_man_seq1digit_200.ref oh
td_corpus_digits/td_corpus_digits/SNR35dB/man/seq1digit_200_files/SNR35dB_man_seq1digit_200.ref three
td_corpus_digits/td_corpus_digits/SNR35dB/man/seq1digit_200_files/SNR35dB_man_seq1digit_200.ref four
td_corpus_digits/td_corpus_digits/SNR35dB/man/seq1digit_200_files/SNR35dB_man_seq1digit_200.ref seven
td_corpus_digits/td_corpus_digits/SNR35dB/man/seq1digit_200_files/SNR35dB_man_seq1digit_200.ref one
td_corpus_digits/td_corpus_digits/SNR35dB/man/seq1digit_200_files/SNR35dB_man_seq1digit_200.ref one
td_corpus_digits/td_corpus_digits/SNR35dB/man/seq1digit_200_files/SNR35dB_man_seq1digit_200.ref six
td_corpus_digits/td_corpus_digits/SNR35dB/man/seq1digit_200_files/SNR35dB_man_seq1digit_200.ref six
td_corpus_digits/td_corpus_digits/SNR35dB/man/seq1digit_200_files/SNR35dB_man_seq1digit_200.ref zero
td_corpus_digits/td_corpus_digits/SNR35dB/man/seq1digit_200_files/SNR35dB_man_seq1digit_200.ref six
td_corpus_digits/td_corpus_digits/SNR35dB/man/seq1digit_200_files/SNR35dB_man_seq1digit_200.ref seven
td_corpus_digits/td_corpus_digits/SNR35dB/man/seq1digit_200_files/SNR35dB_man_seq1digit_200.ref six
td_corpus_digits/td_corpus_digits/SNR35dB/man/seq1digit_200_files/SNR35dB_man_seq1digit_200.ref six
td_corpus_digits/td_corpus_digits/SNR35dB/man/seq1digit_200_files/SNR35dB_man_seq1digit_200.ref eight
td_corpus_digits/td_corpus_digits/SNR35dB/man/seq1digit_200_files/SNR35dB_man_seq1digit_200.ref five
td_corpus_digits/td_corpus_digits/SNR35dB/man/seq1digit_200_files/SNR35dB_man_seq1digit_200.ref six
td_corpus_digits/td_corpus_digits/SNR35dB/man/seq1digit_200_files/SNR35dB_man_seq1digit_200.ref four
td_corpus_digits/td_corpus_digits/SNR35dB/man/seq1digit_200_files/SNR35dB_man_seq1digit_200.ref eight
td_corpus_digits/td_corpus_digits/SNR35dB/man/seq1digit_200_files/SNR35dB_man_seq1digit_200.ref four
td_corpus_digits/td_corpus_digits/SNR35dB/man/seq1digit_200_files/SNR35dB_man_seq1digit_200.ref two
td_corpus_digits/td_corpus_digits/SNR35dB/man/seq1digit_200_files/SNR35dB_man_seq1digit_200.ref four
td_corpus_digits/td_corpus_digits/SNR35dB/man/seq1digit_200_files/SNR35dB_man_seq1digit_200.ref three
td_corpus_digits/td_corpus_digits/SNR35dB/man/seq1digit_200_files/SNR35dB_man_seq1digit_200.ref three
td_corpus_digits/td_corpus_digits/SNR35dB/man/seq1digit_200_files/SNR35dB_man_seq1digit_200.ref four
td_corpus_digits/td_corpus_digits/SNR35dB/man/seq1digit_200_files/SNR35dB_man_seq1digit_200.ref eight
td_corpus_digits/td_corpus_digits/SNR35dB/man/seq1digit_200_files/SNR35dB_man_seq1digit_200.ref two
td_corpus_digits/td_corpus_digits/SNR35dB/man/seq1digit_200_files/SNR35dB_man_seq1digit_200.ref eight
td_corpus_digits/td_corpus_digits/SNR35dB/man/seq1digit_200_files/SNR35dB_man_seq1digit_200.ref one
td_corpus_digits/td_corpus_digits/SNR35dB/man/seq1digit_200_files/SNR35dB_man_seq1digit_200.ref eight
td_corpus_digits/td_corpus_digits/SNR35dB/man/seq1digit_200_files/SNR35dB_man_seq1digit_200.ref seven
td_corpus_digits/td_corpus_digits/SNR35dB/man/seq1digit_200_files/SNR35dB_man_seq1digit_200.ref five
td_corpus_digits/td_corpus_digits/SNR35dB/man/seq1digit_200_files/SNR35dB_man_seq1digit_200.ref two
td_corpus_digits/td_corpus_digits/SNR35dB/man/seq1digit_200_files/SNR35dB_man_seq1digit_200.ref oh
td_corpus_digits/td_corpus_digits/SNR35dB/man/seq1digit_200_files/SNR35dB_man_seq1digit_200.ref seven
td_corpus_digits/td_corpus_digits/SNR35dB/man/seq1digit_200_files/SNR35dB_man_seq1digit_200.ref two
td_corpus_digits/td_corpus_digits/SNR35dB/man/seq1digit_200_files/SNR35dB_man_seq1digit_200.ref three
td_corpus_digits/td_corpus_digits/SNR35dB/man/seq1digit_200_files/SNR35dB_man_seq1digit_200.ref five
td_corpus_digits/td_corpus_digits/SNR35dB/man/seq1digit_200_files/SNR35dB_man_seq1digit_200.ref seven
td_corpus_digits/td_corpus_digits/SNR35dB/man/seq1digit_200_files/SNR35dB_man_seq1digit_200.ref zero
td_corpus_digits/td_corpus_digits/SNR35dB/man/seq1digit_200_files/SNR35dB_man_seq1digit_200.ref two
td_corpus_digits/td_corpus_digits/SNR35dB/man/seq1digit_200_files/SNR35dB_man_seq1digit_200.ref zero
td_corpus_digits/td_corpus_digits/SNR35dB/man/seq1digit_200_files/SNR35dB_man_seq1digit_200.ref seven
td_corpus_digits/td_corpus_digits/SNR35dB/man/seq1digit_200_files/SNR35dB_man_seq1digit_200.ref two
td_corpus_digits/td_corpus_digits/SNR35dB/man/seq1digit_200_files/SNR35dB_man_seq1digit_200.ref three
td_corpus_digits/td_corpus_digits/SNR35dB/man/seq1digit_200_files/SNR35dB_man_seq1digit_200.ref eight
td_corpus_digits/td_corpus_digits/SNR35dB/man/seq1digit_200_files/SNR35dB_man_seq1digit_200.ref eight
td_corpus_digits/td_corpus_digits/SNR35dB/man/seq1digit_200_files/SNR35dB_man_seq1digit_200.ref oh
td_corpus_digits/td_corpus_digits/SNR35dB/man/seq1digit_200_files/SNR35dB_man_seq1digit_200.ref six
